// Jest Snapshot v1, https://goo.gl/fbAQLP

exports[`Calculator component should match snapshot 1`] = `
<DocumentFragment>
  <div>
    <div
      class="panel"
    >
      <h4>
        Calculator
      </h4>
      <div>
        <div
          class="calculation"
          data-testid="calculation"
          placeholder="Results will appear here"
        />
      </div>
      <div
        class="result"
        data-testid="result"
      >
        <span />
      </div>
      <div>
        <button
          class="parentheses"
          data-testid="core-button-("
          value="("
        >
          (
        </button>
        <button
          class="parentheses"
          data-testid="core-button-)"
          value=")"
        >
          )
        </button>
        <button
          class="back"
          data-testid="core-button-back"
          value="back"
        >
          &lt;back&gt;
        </button>
      </div>
      <div>
        <div
          class="number-panel"
        >
          <button
            class="number"
            data-testid="core-button-7"
            value="7"
          >
            7
          </button>
          <button
            class="number"
            data-testid="core-button-8"
            value="8"
          >
            8
          </button>
          <button
            class="number"
            data-testid="core-button-9"
            value="9"
          >
            9
          </button>
          <button
            class="number"
            data-testid="core-button-4"
            value="4"
          >
            4
          </button>
          <button
            class="number"
            data-testid="core-button-5"
            value="5"
          >
            5
          </button>
          <button
            class="number"
            data-testid="core-button-6"
            value="6"
          >
            6
          </button>
          <button
            class="number"
            data-testid="core-button-1"
            value="1"
          >
            1
          </button>
          <button
            class="number"
            data-testid="core-button-2"
            value="2"
          >
            2
          </button>
          <button
            class="number"
            data-testid="core-button-3"
            value="3"
          >
            3
          </button>
          <button
            class="number"
            data-testid="core-button-."
            value="."
          >
            .
          </button>
          <button
            class="number"
            data-testid="core-button-0"
            value="0"
          >
            0
          </button>
          <button
            class="equals"
            data-testid="core-button-="
            value="="
          >
            =
          </button>
        </div>
        <div
          class="operators-panel"
        >
          <button
            class="operator"
            data-testid="core-button-+"
            value="+"
          >
            +
          </button>
          <button
            class="operator"
            data-testid="core-button--"
            value="-"
          >
            -
          </button>
          <button
            class="operator"
            data-testid="core-button-*"
            value="*"
          >
            *
          </button>
          <button
            class="operator"
            data-testid="core-button-/"
            value="/"
          >
            /
          </button>
        </div>
      </div>
      <div
        class="clear"
      />
      <div>
        <button
          class="clear"
          data-testid="core-button-clear"
          value="clear"
        >
          Clear
        </button>
      </div>
    </div>
  </div>
</DocumentFragment>
`;
